<html>
<body>
<pre>
<h1>µVision Build Log</h1>
<h2>Tool Versions:</h2>
IDE-Version: µVision V5.38.0.0
Copyright (C) 2022 ARM Ltd and ARM Germany GmbH. All rights reserved.
License Information: Maxwell Jung, UCSB, LIC=----
 
Tool Versions:
Toolchain:       MDK-Lite  Version: 5.38.0.0
Toolchain Path:  C:\Keil_v5\ARM\ARMCLANG\Bin
C Compiler:      ArmClang.exe V6.19
Assembler:       Armasm.exe V6.19
Linker/Locator:  ArmLink.exe V6.19
Library Manager: ArmAr.exe V6.19
Hex Converter:   FromElf.exe V6.19
CPU DLL:         SARMCM3.DLL V5.38.0.0
Dialog DLL:      DCM.DLL V1.17.5.0
Target DLL:      STLink\ST-LINKIII-KEIL_SWO.dll V3.1.0.0
Dialog DLL:      TCM.DLL V1.56.4.0
 
<h2>Project:</h2>
C:\Users\Maxwell Jung\UCSB\ECE 153B\Lab 1\lab_1.uvprojx
Project File Date:  01/18/2023

<h2>Output:</h2>
*** Using Compiler 'V6.19', folder: 'C:\Keil_v5\ARM\ARMCLANG\Bin'
Build target 'Target 1'
src/main.c(8): warning: In file included from...
src/stm32l476xx.h(12): warning: invalid UTF-8 in comment [-Winvalid-utf8]
  *           - Macros to access peripheral<92>s registers hardware
                                           ^
src/main.c(13): warning: a function declaration without a prototype is deprecated in all versions of C [-Wstrict-prototypes]
void init(){
         ^
          void
src/main.c(13): warning: no previous prototype for function 'init' [-Wmissing-prototypes]
void init(){
     ^
src/main.c(13): note: declare 'static' if the function is not intended to be used outside of this translation unit
void init(){
^
static 
src/main.c(41): warning: a function declaration without a prototype is deprecated in all versions of C [-Wstrict-prototypes]
bool is_button_clicked(){
                      ^
                       void
src/main.c(41): warning: no previous prototype for function 'is_button_clicked' [-Wmissing-prototypes]
bool is_button_clicked(){
     ^
src/main.c(41): note: declare 'static' if the function is not intended to be used outside of this translation unit
bool is_button_clicked(){
^
static 
C:\Keil_v5\ARM\ARMCLANG\Bin\..\include\stdbool.h(15): note: expanded from macro 'bool'
    #define bool _Bool
                 ^
src/main.c(63): warning: a function declaration without a prototype is deprecated in all versions of C [-Wstrict-prototypes]
void update_led(){
               ^
                void
src/main.c(63): warning: no previous prototype for function 'update_led' [-Wmissing-prototypes]
void update_led(){
     ^
src/main.c(63): note: declare 'static' if the function is not intended to be used outside of this translation unit
void update_led(){
^
static 
src/main.c(79): warning: 'return' will never be executed [-Wunreachable-code-return]
        return 0;
               ^
8 warnings generated.
compiling main.c...
linking...
Program Size: Code=808 RO-data=408 RW-data=0 ZI-data=1640  
FromELF: creating hex file...
".\Objects\lab_1.axf" - 0 Error(s), 8 Warning(s).

<h2>Software Packages used:</h2>

Package Vendor: ARM
                http://www.keil.com/pack/ARM.CMSIS.5.9.0.pack
                ARM.CMSIS.5.9.0
                CMSIS (Common Microcontroller Software Interface Standard)
   * Component: CORE Version: 5.6.0

Package Vendor: Keil
                http://www.keil.com/pack/Keil.STM32L4xx_DFP.2.6.1.pack
                Keil.STM32L4xx_DFP.2.6.1
                STMicroelectronics STM32L4 Series Device Support, Drivers and Examples

<h2>Collection of Component include folders:</h2>
  ./RTE/_Target_1
  C:/Users/Maxwell Jung/AppData/Local/Arm/Packs/ARM/CMSIS/5.9.0/CMSIS/Core/Include
  C:/Users/Maxwell Jung/AppData/Local/Arm/Packs/Keil/STM32L4xx_DFP/2.6.1/Drivers/CMSIS/Device/ST/STM32L4xx/Include

<h2>Collection of Component Files used:</h2>

   * Component: ARM::CMSIS:CORE:5.6.0
Build Time Elapsed:  00:00:01
</pre>
</body>
</html>
